// Jest Snapshot v1, https://goo.gl/fbAQLP

exports[`button component tests renders button with text 1`] = `
<button
  className="text text_type_button text_color_primary button undefined false "
  type="button"
>
  <p
    className="text undefined"
  >
    test
  </p>
</button>
`;

exports[`button component tests renders button without text 1`] = `
<button
  className="text text_type_button text_color_primary button undefined false "
  type="button"
>
  <p
    className="text undefined"
  />
</button>
`;

exports[`button component tests renders disabled button correctly 1`] = `
<button
  className="text text_type_button text_color_primary button undefined false "
  disabled={true}
  type="button"
>
  <p
    className="text undefined"
  />
</button>
`;

exports[`button component tests renders loading button correctly 1`] = `
<button
  className="text text_type_button text_color_primary button undefined loader "
  disabled={true}
  type="button"
>
  <img
    alt="Загрузка."
    className="loader_icon"
  />
</button>
`;
